// Jest Snapshot v1, https://goo.gl/fbAQLP

exports[`build post deber√≠a renderizar 1`] = `""`;
